// Code generated by TestPretty. DO NOT EDIT.
// GENERATED FILE DO NOT EDIT
1:
-
DUMP
DATABASE
	bank
TO
 SST
	'gs://acme-co-backup/database-bank-2017-03-29-nightly'
AS OF SYSTEM TIME
	'-10s'
INCREMENTAL FROM
	'gs://acme-co-backup/database-bank-2017-03-27-weekly',
	'gs://acme-co-backup/database-bank-2017-03-28-nightly'
WITH
	revision_history

113:
-----------------------------------------------------------------------------------------------------------------
DUMP
DATABASE
	bank
TO
 SST
	'gs://acme-co-backup/database-bank-2017-03-29-nightly'
AS OF SYSTEM TIME
	'-10s'
INCREMENTAL FROM
	'gs://acme-co-backup/database-bank-2017-03-27-weekly', 'gs://acme-co-backup/database-bank-2017-03-28-nightly'
WITH
	revision_history

252:
------------------------------------------------------------------------------------------------------------------------------------------------------------------------------------------------------------------------------------------------------------
DUMP DATABASE bank TO SST 'gs://acme-co-backup/database-bank-2017-03-29-nightly' AS OF SYSTEM TIME '-10s' INCREMENTAL FROM 'gs://acme-co-backup/database-bank-2017-03-27-weekly', 'gs://acme-co-backup/database-bank-2017-03-28-nightly' WITH revision_history


